// Jest Snapshot v1, https://goo.gl/fbAQLP

exports[`RetryBarIndicator should match snapshot 1`] = `
<ForwardRef(AnimatedComponentWrapper)
  style={
    Array [
      Object {
        "alignItems": "center",
        "backgroundColor": "#fb8000",
        "flexDirection": "row",
        "overflow": "hidden",
        "paddingHorizontal": 10,
        "position": "absolute",
        "top": 0,
        "width": "100%",
      },
      Object {
        "height": 0,
      },
    ]
  }
>
  <FormattedText
    defaultMessage="Refreshing messages failed. Pull up to try again."
    id="mobile.retry_message"
    style={
      Object {
        "color": "white",
        "flex": 1,
        "fontSize": 12,
      }
    }
  />
</ForwardRef(AnimatedComponentWrapper)>
`;
