// Jest Snapshot v1, https://goo.gl/fbAQLP

exports[`@components/custom_status/custom_status_emoji should match snapshot 1`] = `null`;
