// Jest Snapshot v1, https://goo.gl/fbAQLP

exports[`ErrorTeamsList should match snapshot 1`] = `
<Component
  style={
    Object {
      "backgroundColor": undefined,
      "flex": 1,
    }
  }
>
  <Connect(StatusBar) />
  <FailedNetworkAction
    errorDescription={
      Object {
        "defaultMessage": "Make sure you have an active connection and try again.",
        "id": "mobile.failed_network_action.shortDescription",
      }
    }
    errorTitle={
      Object {
        "defaultMessage": "Team Not Found",
        "id": "error.team_not_found.title",
      }
    }
    onRetry={[Function]}
    theme={Object {}}
  />
</Component>
`;
