// Jest Snapshot v1, https://goo.gl/fbAQLP

exports[`MoreChannels should match snapshot 1`] = `
<KeyboardLayout>
  <Connect(StatusBar) />
  <React.Fragment>
    <Component
      style={
        Object {
          "marginVertical": 5,
        }
      }
    >
      <SearchBarIos
        autoCapitalize="none"
        backgroundColor="transparent"
        blurOnSubmit={true}
        inputHeight={33}
        inputStyle={
          Object {
            "backgroundColor": "rgba(170,170,170,0.2)",
            "color": "#aaa",
            "fontSize": 15,
          }
        }
        onBlur={[Function]}
        onCancelButtonPress={[Function]}
        onChangeText={[Function]}
        onFocus={[Function]}
        onSearchButtonPress={[Function]}
        onSelectionChange={[Function]}
        placeholderTextColor="rgba(170,170,170,0.5)"
        tintColorDelete="rgba(170,170,170,0.5)"
        tintColorSearch="rgba(170,170,170,0.5)"
        titleCancelColor="#aaa"
        value=""
      />
    </Component>
    <CustomList
      createSections={[Function]}
      data={
        Array [
          Object {
            "display_name": "display_name",
            "id": "id",
            "name": "name",
          },
        ]
      }
      listInitialSize={10}
      listPageSize={10}
      listScrollRenderAheadDistance={50}
      loading={false}
      loadingText={
        Object {
          "defaultMessage": "Loading Channels...",
          "id": "mobile.loading_channels",
        }
      }
      onListEndReached={[Function]}
      onListEndReachedThreshold={50}
      onRowPress={[Function]}
      renderRow={[Function]}
      searching={false}
      selectable={false}
      showNoResults={false}
      showSections={false}
      theme={
        Object {
          "centerChannelBg": "#aaa",
          "centerChannelColor": "#aaa",
          "sidebarHeaderBg": "#aaa",
          "sidebarHeaderTextColor": "#aaa",
        }
      }
    />
  </React.Fragment>
</KeyboardLayout>
`;
