// Jest Snapshot v1, https://goo.gl/fbAQLP

exports[`SelectTeam should match snapshot for fail of teams 1`] = `
<FailedNetworkAction
  errorDescription={
    Object {
      "defaultMessage": "Make sure you have an active connection and try again.",
      "id": "mobile.failed_network_action.shortDescription",
    }
  }
  errorTitle={
    Object {
      "defaultMessage": "Team Not Found",
      "id": "error.team_not_found.title",
    }
  }
  onRetry={[Function]}
  theme={Object {}}
/>
`;

exports[`SelectTeam should match snapshot for teams 1`] = `
<Component
  style={
    Object {
      "backgroundColor": undefined,
      "flex": 1,
    }
  }
>
  <Connect(StatusBar) />
  <Component
    style={
      Object {
        "alignItems": "center",
        "flexDirection": "row",
        "marginHorizontal": 16,
        "marginTop": 20,
      }
    }
  >
    <Component
      style={
        Object {
          "marginRight": 15,
        }
      }
    >
      <FormattedText
        defaultMessage="Open teams you can join"
        id="mobile.select_team.join_open"
        style={
          Object {
            "color": undefined,
            "fontSize": 13,
          }
        }
      />
    </Component>
    <Component
      style={
        Object {
          "backgroundColor": undefined,
          "height": 1,
          "width": "100%",
        }
      }
    />
  </Component>
  <FlatList
    data={
      Array [
        Object {
          "id": "kemjcpu9bi877yegqjs18ndp4r",
          "invite_id": "ojsnudhqzbfzpk6e4n6ip1hwae",
          "name": "test",
        },
      ]
    }
    disableVirtualization={false}
    horizontal={false}
    initialNumToRender={10}
    keyExtractor={[Function]}
    maxToRenderPerBatch={10}
    numColumns={1}
    onEndReachedThreshold={2}
    renderItem={[Function]}
    scrollEventThrottle={50}
    updateCellsBatchingPeriod={50}
    viewabilityConfig={
      Object {
        "viewAreaCoveragePercentThreshold": 3,
        "waitForInteraction": false,
      }
    }
    windowSize={21}
  />
</Component>
`;
