// Jest Snapshot v1, https://goo.gl/fbAQLP

exports[`ChannelLoader should match snapshot 1`] = `
<View
  onLayout={[Function]}
  style={
    Array [
      Object {
        "flex": 1,
        "overflow": "hidden",
      },
      undefined,
      null,
      Object {
        "backgroundColor": "#ffffff",
      },
    ]
  }
>
  <View
    style={
      Array [
        Object {
          "backgroundColor": "#ffffff",
          "flex": 1,
          "marginVertical": 10,
          "paddingLeft": 12,
          "paddingRight": 20,
        },
        Object {
          "backgroundColor": "#ffffff",
        },
      ]
    }
  >
    <Unknown
      Animation={[Function]}
      Left={[Function]}
      styles={
        Object {
          "left": Object {
            "color": "rgba(61,60,64,0.15)",
          },
        }
      }
    >
      <Unknown
        color="rgba(61,60,64,0.15)"
      />
      <Unknown
        color="rgba(61,60,64,0.15)"
        width={80}
      />
      <Unknown
        color="rgba(61,60,64,0.15)"
        width={60}
      />
    </Unknown>
  </View>
  <View
    style={
      Array [
        Object {
          "backgroundColor": "#ffffff",
          "flex": 1,
          "marginVertical": 10,
          "paddingLeft": 12,
          "paddingRight": 20,
        },
        Object {
          "backgroundColor": "#ffffff",
        },
      ]
    }
  >
    <Unknown
      Animation={[Function]}
      Left={[Function]}
      styles={
        Object {
          "left": Object {
            "color": "rgba(61,60,64,0.15)",
          },
        }
      }
    >
      <Unknown
        color="rgba(61,60,64,0.15)"
      />
      <Unknown
        color="rgba(61,60,64,0.15)"
        width={80}
      />
      <Unknown
        color="rgba(61,60,64,0.15)"
        width={60}
      />
    </Unknown>
  </View>
  <View
    style={
      Array [
        Object {
          "backgroundColor": "#ffffff",
          "flex": 1,
          "marginVertical": 10,
          "paddingLeft": 12,
          "paddingRight": 20,
        },
        Object {
          "backgroundColor": "#ffffff",
        },
      ]
    }
  >
    <Unknown
      Animation={[Function]}
      Left={[Function]}
      styles={
        Object {
          "left": Object {
            "color": "rgba(61,60,64,0.15)",
          },
        }
      }
    >
      <Unknown
        color="rgba(61,60,64,0.15)"
      />
      <Unknown
        color="rgba(61,60,64,0.15)"
        width={80}
      />
      <Unknown
        color="rgba(61,60,64,0.15)"
        width={60}
      />
    </Unknown>
  </View>
  <View
    style={
      Array [
        Object {
          "backgroundColor": "#ffffff",
          "flex": 1,
          "marginVertical": 10,
          "paddingLeft": 12,
          "paddingRight": 20,
        },
        Object {
          "backgroundColor": "#ffffff",
        },
      ]
    }
  >
    <Unknown
      Animation={[Function]}
      Left={[Function]}
      styles={
        Object {
          "left": Object {
            "color": "rgba(61,60,64,0.15)",
          },
        }
      }
    >
      <Unknown
        color="rgba(61,60,64,0.15)"
      />
      <Unknown
        color="rgba(61,60,64,0.15)"
        width={80}
      />
      <Unknown
        color="rgba(61,60,64,0.15)"
        width={60}
      />
    </Unknown>
  </View>
  <View
    style={
      Array [
        Object {
          "backgroundColor": "#ffffff",
          "flex": 1,
          "marginVertical": 10,
          "paddingLeft": 12,
          "paddingRight": 20,
        },
        Object {
          "backgroundColor": "#ffffff",
        },
      ]
    }
  >
    <Unknown
      Animation={[Function]}
      Left={[Function]}
      styles={
        Object {
          "left": Object {
            "color": "rgba(61,60,64,0.15)",
          },
        }
      }
    >
      <Unknown
        color="rgba(61,60,64,0.15)"
      />
      <Unknown
        color="rgba(61,60,64,0.15)"
        width={80}
      />
      <Unknown
        color="rgba(61,60,64,0.15)"
        width={60}
      />
    </Unknown>
  </View>
  <View
    style={
      Array [
        Object {
          "backgroundColor": "#ffffff",
          "flex": 1,
          "marginVertical": 10,
          "paddingLeft": 12,
          "paddingRight": 20,
        },
        Object {
          "backgroundColor": "#ffffff",
        },
      ]
    }
  >
    <Unknown
      Animation={[Function]}
      Left={[Function]}
      styles={
        Object {
          "left": Object {
            "color": "rgba(61,60,64,0.15)",
          },
        }
      }
    >
      <Unknown
        color="rgba(61,60,64,0.15)"
      />
      <Unknown
        color="rgba(61,60,64,0.15)"
        width={80}
      />
      <Unknown
        color="rgba(61,60,64,0.15)"
        width={60}
      />
    </Unknown>
  </View>
  <View
    style={
      Array [
        Object {
          "backgroundColor": "#ffffff",
          "flex": 1,
          "marginVertical": 10,
          "paddingLeft": 12,
          "paddingRight": 20,
        },
        Object {
          "backgroundColor": "#ffffff",
        },
      ]
    }
  >
    <Unknown
      Animation={[Function]}
      Left={[Function]}
      styles={
        Object {
          "left": Object {
            "color": "rgba(61,60,64,0.15)",
          },
        }
      }
    >
      <Unknown
        color="rgba(61,60,64,0.15)"
      />
      <Unknown
        color="rgba(61,60,64,0.15)"
        width={80}
      />
      <Unknown
        color="rgba(61,60,64,0.15)"
        width={60}
      />
    </Unknown>
  </View>
  <View
    style={
      Array [
        Object {
          "backgroundColor": "#ffffff",
          "flex": 1,
          "marginVertical": 10,
          "paddingLeft": 12,
          "paddingRight": 20,
        },
        Object {
          "backgroundColor": "#ffffff",
        },
      ]
    }
  >
    <Unknown
      Animation={[Function]}
      Left={[Function]}
      styles={
        Object {
          "left": Object {
            "color": "rgba(61,60,64,0.15)",
          },
        }
      }
    >
      <Unknown
        color="rgba(61,60,64,0.15)"
      />
      <Unknown
        color="rgba(61,60,64,0.15)"
        width={80}
      />
      <Unknown
        color="rgba(61,60,64,0.15)"
        width={60}
      />
    </Unknown>
  </View>
  <View
    style={
      Array [
        Object {
          "backgroundColor": "#ffffff",
          "flex": 1,
          "marginVertical": 10,
          "paddingLeft": 12,
          "paddingRight": 20,
        },
        Object {
          "backgroundColor": "#ffffff",
        },
      ]
    }
  >
    <Unknown
      Animation={[Function]}
      Left={[Function]}
      styles={
        Object {
          "left": Object {
            "color": "rgba(61,60,64,0.15)",
          },
        }
      }
    >
      <Unknown
        color="rgba(61,60,64,0.15)"
      />
      <Unknown
        color="rgba(61,60,64,0.15)"
        width={80}
      />
      <Unknown
        color="rgba(61,60,64,0.15)"
        width={60}
      />
    </Unknown>
  </View>
  <View
    style={
      Array [
        Object {
          "backgroundColor": "#ffffff",
          "flex": 1,
          "marginVertical": 10,
          "paddingLeft": 12,
          "paddingRight": 20,
        },
        Object {
          "backgroundColor": "#ffffff",
        },
      ]
    }
  >
    <Unknown
      Animation={[Function]}
      Left={[Function]}
      styles={
        Object {
          "left": Object {
            "color": "rgba(61,60,64,0.15)",
          },
        }
      }
    >
      <Unknown
        color="rgba(61,60,64,0.15)"
      />
      <Unknown
        color="rgba(61,60,64,0.15)"
        width={80}
      />
      <Unknown
        color="rgba(61,60,64,0.15)"
        width={60}
      />
    </Unknown>
  </View>
  <View
    style={
      Array [
        Object {
          "backgroundColor": "#ffffff",
          "flex": 1,
          "marginVertical": 10,
          "paddingLeft": 12,
          "paddingRight": 20,
        },
        Object {
          "backgroundColor": "#ffffff",
        },
      ]
    }
  >
    <Unknown
      Animation={[Function]}
      Left={[Function]}
      styles={
        Object {
          "left": Object {
            "color": "rgba(61,60,64,0.15)",
          },
        }
      }
    >
      <Unknown
        color="rgba(61,60,64,0.15)"
      />
      <Unknown
        color="rgba(61,60,64,0.15)"
        width={80}
      />
      <Unknown
        color="rgba(61,60,64,0.15)"
        width={60}
      />
    </Unknown>
  </View>
  <View
    style={
      Array [
        Object {
          "backgroundColor": "#ffffff",
          "flex": 1,
          "marginVertical": 10,
          "paddingLeft": 12,
          "paddingRight": 20,
        },
        Object {
          "backgroundColor": "#ffffff",
        },
      ]
    }
  >
    <Unknown
      Animation={[Function]}
      Left={[Function]}
      styles={
        Object {
          "left": Object {
            "color": "rgba(61,60,64,0.15)",
          },
        }
      }
    >
      <Unknown
        color="rgba(61,60,64,0.15)"
      />
      <Unknown
        color="rgba(61,60,64,0.15)"
        width={80}
      />
      <Unknown
        color="rgba(61,60,64,0.15)"
        width={60}
      />
    </Unknown>
  </View>
  <View
    style={
      Array [
        Object {
          "backgroundColor": "#ffffff",
          "flex": 1,
          "marginVertical": 10,
          "paddingLeft": 12,
          "paddingRight": 20,
        },
        Object {
          "backgroundColor": "#ffffff",
        },
      ]
    }
  >
    <Unknown
      Animation={[Function]}
      Left={[Function]}
      styles={
        Object {
          "left": Object {
            "color": "rgba(61,60,64,0.15)",
          },
        }
      }
    >
      <Unknown
        color="rgba(61,60,64,0.15)"
      />
      <Unknown
        color="rgba(61,60,64,0.15)"
        width={80}
      />
      <Unknown
        color="rgba(61,60,64,0.15)"
        width={60}
      />
    </Unknown>
  </View>
</View>
`;
