// Jest Snapshot v1, https://goo.gl/fbAQLP

exports[`ChannelBase should match snapshot 1`] = `null`;
