// Jest Snapshot v1, https://goo.gl/fbAQLP

exports[`FlaggedPosts should match snapshot 1`] = `
<View
  style={
    Object {
      "flex": 1,
    }
  }
>
  <Connect(StatusBar) />
  <Connect(ChannelLoader)
    channelIsLoading={true}
  />
</View>
`;
