// Jest Snapshot v1, https://goo.gl/fbAQLP

exports[`Hashtag should match snapshot 1`] = `
<Text
  accessible={true}
  allowFontScaling={true}
  ellipsizeMode="tail"
  onPress={[Function]}
  style={
    Object {
      "color": "red",
    }
  }
>
  #test
</Text>
`;
