// Jest Snapshot v1, https://goo.gl/fbAQLP

exports[`edit_profile should match snapshot 1`] = `
<View
  style={
    Object {
      "alignItems": "center",
      "justifyContent": "center",
      "padding": 25,
    }
  }
>
  <Connect(ProfilePicture)
    edit={false}
    imageUri={null}
    size={150}
    statusBorderWidth={6}
    statusSize={40}
  />
</View>
`;
