// Jest Snapshot v1, https://goo.gl/fbAQLP

exports[`Gallery should match snapshot 1`] = `
<React.Fragment>
  <GalleryViewer
    files={
      Array [
        Object {
          "caption": "Caption 1",
          "data": "data",
          "source": "source",
        },
        Object {
          "caption": "Caption 2",
          "data": "data",
          "source": "source",
        },
      ]
    }
    footerVisible={true}
    height={400}
    initialIndex={0}
    isLandscape={false}
    onClose={[Function]}
    onPageSelected={[Function]}
    onTap={[Function]}
    theme={
      Object {
        "awayIndicator": "#ffbc42",
        "buttonBg": "#166de0",
        "buttonColor": "#ffffff",
        "centerChannelBg": "#ffffff",
        "centerChannelColor": "#3d3c40",
        "codeTheme": "github",
        "dndIndicator": "#f74343",
        "errorTextColor": "#fd5960",
        "linkColor": "#2389d7",
        "mentionBg": "#ffffff",
        "mentionBj": "#ffffff",
        "mentionColor": "#145dbf",
        "mentionHighlightBg": "#ffe577",
        "mentionHighlightLink": "#166de0",
        "newMessageSeparator": "#ff8800",
        "onlineIndicator": "#06d6a0",
        "sidebarBg": "#145dbf",
        "sidebarHeaderBg": "#1153ab",
        "sidebarHeaderTextColor": "#ffffff",
        "sidebarText": "#ffffff",
        "sidebarTextActiveBorder": "#579eff",
        "sidebarTextActiveColor": "#ffffff",
        "sidebarTextHoverBg": "#4578bf",
        "sidebarUnreadText": "#ffffff",
        "type": "Mattermost",
      }
    }
    width={300}
  />
  <InjectIntl(Footer)
    file={
      Object {
        "caption": "Caption 1",
        "data": "data",
        "source": "source",
      }
    }
  />
</React.Fragment>
`;
