// Jest Snapshot v1, https://goo.gl/fbAQLP

exports[`ProgressiveImage should match snapshot 1`] = `
<View
  style={Object {}}
>
  <Image
    source={Object {}}
    style={
      Object {
        "bottom": 0,
        "left": 0,
        "position": "absolute",
        "right": 0,
        "top": 0,
      }
    }
  />
</View>
`;
